sitemaps listed: 45 | crawl-delay 5s | ua: Mozilla/5.0 (X11; Linux x86_64) AppleWebKit/537.36 (KHTML, like Gecko) HeadlessChrome/144.0.0.0 Safari/537.36
200  https://www.thaiairways.com/en-th/sitemap.xml  urls=551
200  https://www.thaiairways.com/th-th/sitemap.xml  urls=556
200  https://www.thaiairways.com/de-de/sitemap.xml  urls=419
200  https://www.thaiairways.com/en-au/sitemap.xml  urls=359
200  https://www.thaiairways.com/en-bd/sitemap.xml  urls=354
200  https://www.thaiairways.com/en-be/sitemap.xml  urls=309
200  https://www.thaiairways.com/en-ca/sitemap.xml  urls=342
200  https://www.thaiairways.com/en-ch/sitemap.xml  urls=362
200  https://www.thaiairways.com/en-cn/sitemap.xml  urls=293
200  https://www.thaiairways.com/en-dk/sitemap.xml  urls=330
200  https://www.thaiairways.com/en-gb/sitemap.xml  urls=336
200  https://www.thaiairways.com/en-hk/sitemap.xml  urls=371
200  https://www.thaiairways.com/en-id/sitemap.xml  urls=364
200  https://www.thaiairways.com/en-in/sitemap.xml  urls=372
200  https://www.thaiairways.com/en-jp/sitemap.xml  urls=412
200  https://www.thaiairways.com/en-kh/sitemap.xml  urls=333
200  https://www.thaiairways.com/en-kr/sitemap.xml  urls=385
200  https://www.thaiairways.com/en-la/sitemap.xml  urls=344
200  https://www.thaiairways.com/en-lk/sitemap.xml  urls=338
200  https://www.thaiairways.com/en-mm/sitemap.xml  urls=359
200  https://www.thaiairways.com/en-my/sitemap.xml  urls=359
200  https://www.thaiairways.com/en-nl/sitemap.xml  urls=345
200  https://www.thaiairways.com/en-no/sitemap.xml  urls=251
200  https://www.thaiairways.com/en-np/sitemap.xml  urls=355
200  https://www.thaiairways.com/en-nz/sitemap.xml  urls=340
200  https://www.thaiairways.com/en-ph/sitemap.xml  urls=352
200  https://www.thaiairways.com/en-pk/sitemap.xml  urls=359
200  https://www.thaiairways.com/en-se/sitemap.xml  urls=331
200  https://www.thaiairways.com/en-sg/sitemap.xml  urls=368
200  https://www.thaiairways.com/en-tw/sitemap.xml  urls=361
200  https://www.thaiairways.com/en-us/sitemap.xml  urls=348
200  https://www.thaiairways.com/en-vn/sitemap.xml  urls=381
200  https://www.thaiairways.com/es-es/sitemap.xml  urls=292
200  https://www.thaiairways.com/fr-fr/sitemap.xml  urls=422
200  https://www.thaiairways.com/it-it/sitemap.xml  urls=425
200  https://www.thaiairways.com/ja-jp/sitemap.xml  urls=320
200  https://www.thaiairways.com/ko-kr/sitemap.xml  urls=359
200  https://www.thaiairways.com/no-no/sitemap.xml  urls=310
200  https://www.thaiairways.com/sv-se/sitemap.xml  urls=299
200  https://www.thaiairways.com/tr-tr/sitemap.xml  urls=319
200  https://www.thaiairways.com/vi-vn/sitemap.xml  urls=355
200  https://www.thaiairways.com/zh-cn/sitemap.xml  urls=325
200  https://www.thaiairways.com/zh-hk/sitemap.xml  urls=341
200  https://www.thaiairways.com/zh-tw/sitemap.xml  urls=346
200  https://www.thaiairways.com/flights/sitemap_index.xml  urls=0 children=55
200  https://www.thaiairways.com/flights/de-at/sitemap.xml  urls=32
200  https://www.thaiairways.com/flights/de-ch/sitemap.xml  urls=204
200  https://www.thaiairways.com/flights/de-de/sitemap.xml  urls=340
200  https://www.thaiairways.com/flights/en/sitemap.xml  urls=7777
200  https://www.thaiairways.com/flights/en-ae/sitemap.xml  urls=75
200  https://www.thaiairways.com/flights/en-at/sitemap.xml  urls=72
200  https://www.thaiairways.com/flights/en-au/sitemap.xml  urls=531
200  https://www.thaiairways.com/flights/en-bd/sitemap.xml  urls=271
200  https://www.thaiairways.com/flights/en-be/sitemap.xml  urls=204
200  https://www.thaiairways.com/flights/en-ca/sitemap.xml  urls=64
200  https://www.thaiairways.com/flights/en-ch/sitemap.xml  urls=244
200  https://www.thaiairways.com/flights/en-cn/sitemap.xml  urls=669
200  https://www.thaiairways.com/flights/en-de/sitemap.xml  urls=380
200  https://www.thaiairways.com/flights/en-dk/sitemap.xml  urls=204
200  https://www.thaiairways.com/flights/en-es/sitemap.xml  urls=222
200  https://www.thaiairways.com/flights/en-fr/sitemap.xml  urls=226
200  https://www.thaiairways.com/flights/en-gb/sitemap.xml  urls=240
200  https://www.thaiairways.com/flights/en-hk/sitemap.xml  urls=253
200  https://www.thaiairways.com/flights/en-id/sitemap.xml  urls=443
200  https://www.thaiairways.com/flights/en-ie/sitemap.xml  urls=56
200  https://www.thaiairways.com/flights/en-in/sitemap.xml  urls=675
200  https://www.thaiairways.com/flights/en-it/sitemap.xml  urls=304
200  https://www.thaiairways.com/flights/en-jp/sitemap.xml  urls=623
200  https://www.thaiairways.com/flights/en-kh/sitemap.xml  urls=299
200  https://www.thaiairways.com/flights/en-kr/sitemap.xml  urls=295
200  https://www.thaiairways.com/flights/en-la/sitemap.xml  urls=318
200  https://www.thaiairways.com/flights/en-lk/sitemap.xml  urls=193
200  https://www.thaiairways.com/flights/en-mm/sitemap.xml  urls=259
200  https://www.thaiairways.com/flights/en-my/sitemap.xml  urls=386
200  https://www.thaiairways.com/flights/en-nl/sitemap.xml  urls=229
200  https://www.thaiairways.com/flights/en-no/sitemap.xml  urls=212
200  https://www.thaiairways.com/flights/en-np/sitemap.xml  urls=190
200  https://www.thaiairways.com/flights/en-nz/sitemap.xml  urls=258
200  https://www.thaiairways.com/flights/en-ph/sitemap.xml  urls=269
200  https://www.thaiairways.com/flights/en-pk/sitemap.xml  urls=287
200  https://www.thaiairways.com/flights/en-ru/sitemap.xml  urls=64
200  https://www.thaiairways.com/flights/en-sa/sitemap.xml  urls=46
200  https://www.thaiairways.com/flights/en-se/sitemap.xml  urls=206
200  https://www.thaiairways.com/flights/en-sg/sitemap.xml  urls=288
200  https://www.thaiairways.com/flights/en-th/sitemap.xml  urls=1208
200  https://www.thaiairways.com/flights/en-tr/sitemap.xml  urls=491
200  https://www.thaiairways.com/flights/en-tw/sitemap.xml  urls=347
200  https://www.thaiairways.com/flights/en-us/sitemap.xml  urls=110
200  https://www.thaiairways.com/flights/en-vn/sitemap.xml  urls=437
200  https://www.thaiairways.com/flights/fr-fr/sitemap.xml  urls=188
200  https://www.thaiairways.com/flights/it-it/sitemap.xml  urls=266
200  https://www.thaiairways.com/flights/ja-jp/sitemap.xml  urls=587
200  https://www.thaiairways.com/flights/ko-kr/sitemap.xml  urls=249
200  https://www.thaiairways.com/flights/no-no/sitemap.xml  urls=172
200  https://www.thaiairways.com/flights/sv-se/sitemap.xml  urls=168
200  https://www.thaiairways.com/flights/th-th/sitemap.xml  urls=1156
200  https://www.thaiairways.com/flights/tr-tr/sitemap.xml  urls=340
200  https://www.thaiairways.com/flights/zh-cn/sitemap.xml  urls=631
200  https://www.thaiairways.com/flights/zh-hk/sitemap.xml  urls=213
200  https://www.thaiairways.com/flights/zh-tw/sitemap.xml  urls=309
DONE unique urls=40532 | sitemaps ok=100 failed=0
