marked blocked: pages 0, block-capture pages 0
14:55:19 ▶ start: 65 sub-sections under /th-th/content/
14:55:20 [1/65] about-royal-orchid-plus — 10 pages
Render set: 1, already done: 0, todo: 1
DONE rendering. ok=1 fail=0 total_processed=1
marked blocked: pages 0, block-capture pages 0
Render set 1, pages already captured 0, todo 1
DONE. pages=1 blocks=20
marked blocked: pages 0, block-capture pages 0
Render set: 1, already done: 1, todo: 1
DONE rendering. ok=1 fail=0 total_processed=1
marked blocked: pages 0, block-capture pages 0
Render set 1, pages already captured 1, todo 1
DONE. pages=1 blocks=14
marked blocked: pages 0, block-capture pages 0
Render set: 1, already done: 2, todo: 1
DONE rendering. ok=1 fail=0 total_processed=1
marked blocked: pages 0, block-capture pages 0
Render set 1, pages already captured 2, todo 1
DONE. pages=1 blocks=5
marked blocked: pages 0, block-capture pages 0
Render set: 1, already done: 3, todo: 1
DONE rendering. ok=1 fail=0 total_processed=1
marked blocked: pages 0, block-capture pages 0
Render set 1, pages already captured 3, todo 1
DONE. pages=1 blocks=2
marked blocked: pages 0, block-capture pages 0
Render set: 1, already done: 4, todo: 1
DONE rendering. ok=1 fail=0 total_processed=1
marked blocked: pages 0, block-capture pages 0
Render set 1, pages already captured 4, todo 1
DONE. pages=1 blocks=6
marked blocked: pages 0, block-capture pages 0
Render set: 1, already done: 5, todo: 1
DONE rendering. ok=1 fail=0 total_processed=1
marked blocked: pages 0, block-capture pages 0
Render set 1, pages already captured 5, todo 1
DONE. pages=1 blocks=7
marked blocked: pages 0, block-capture pages 0
Render set: 1, already done: 6, todo: 1
DONE rendering. ok=1 fail=0 total_processed=1
marked blocked: pages 0, block-capture pages 0
Render set 1, pages already captured 6, todo 1
DONE. pages=1 blocks=5
marked blocked: pages 0, block-capture pages 0
Render set: 1, already done: 7, todo: 1
DONE rendering. ok=1 fail=0 total_processed=1
marked blocked: pages 0, block-capture pages 0
Render set 1, pages already captured 7, todo 1
DONE. pages=1 blocks=10
marked blocked: pages 0, block-capture pages 0
Render set: 1, already done: 8, todo: 1
DONE rendering. ok=1 fail=0 total_processed=1
marked blocked: pages 0, block-capture pages 0
Render set 1, pages already captured 8, todo 1
DONE. pages=1 blocks=1
marked blocked: pages 0, block-capture pages 0
Render set: 1, already done: 9, todo: 1
DONE rendering. ok=1 fail=0 total_processed=1
marked blocked: pages 0, block-capture pages 0
Render set 1, pages already captured 9, todo 1
DONE. pages=1 blocks=3
marked blocked: pages 0, block-capture pages 0
15:03:14    about-royal-orchid-plus: 10/10
15:03:14    ✔ about-royal-orchid-plus done — render errors 0/10, block errors 0/10
